Archive member included because of file (symbol)

C:/Microchip Starter Kits/PIC32 Starter Kits/MPLAB C32 Suite/bin/../lib/gcc/pic32mx/3.4.4/../../../../pic32mx/lib\libc.a(general-exception.o)
                              C:/Microchip Starter Kits/PIC32 Starter Kits/MPLAB C32 Suite/bin/../lib/gcc/pic32mx/3.4.4/../../../../pic32mx/lib/crt0.o (_general_exception_context)
C:/Microchip Starter Kits/PIC32 Starter Kits/MPLAB C32 Suite/bin/../lib/gcc/pic32mx/3.4.4/../../../../pic32mx/lib\libc.a(exit.o)
                              C:/Microchip Starter Kits/PIC32 Starter Kits/MPLAB C32 Suite/bin/../lib/gcc/pic32mx/3.4.4/../../../../pic32mx/lib/crt0.o (exit)
C:/Microchip Starter Kits/PIC32 Starter Kits/MPLAB C32 Suite/bin/../lib/gcc/pic32mx/3.4.4/../../../../pic32mx/lib\libc.a(_iobdata.o)
                              C:/Microchip Starter Kits/PIC32 Starter Kits/MPLAB C32 Suite/bin/../lib/gcc/pic32mx/3.4.4/../../../../pic32mx/lib\libc.a(exit.o) (_libc_data)
C:/Microchip Starter Kits/PIC32 Starter Kits/MPLAB C32 Suite/bin/../lib/gcc/pic32mx/3.4.4/../../../../pic32mx/lib\libc.a(_iobfuncs.o)
                              C:/Microchip Starter Kits/PIC32 Starter Kits/MPLAB C32 Suite/bin/../lib/gcc/pic32mx/3.4.4/../../../../pic32mx/lib\libc.a(_iobdata.o) (_filbuf_simple)
C:/Microchip Starter Kits/PIC32 Starter Kits/MPLAB C32 Suite/bin/../lib/gcc/pic32mx/3.4.4/../../../../pic32mx/lib\libc.a(stubs.o)
                              C:/Microchip Starter Kits/PIC32 Starter Kits/MPLAB C32 Suite/bin/../lib/gcc/pic32mx/3.4.4/../../../../pic32mx/lib\libc.a(exit.o) (pthread_mutex_lock)
C:/Microchip Starter Kits/PIC32 Starter Kits/MPLAB C32 Suite/bin/../lib/gcc/pic32mx/3.4.4/../../../../pic32mx/lib\libc.a(default-general-exception-handler.o)
                              C:/Microchip Starter Kits/PIC32 Starter Kits/MPLAB C32 Suite/bin/../lib/gcc/pic32mx/3.4.4/../../../../pic32mx/lib\libc.a(general-exception.o) (_general_exception_handler)
C:/Microchip Starter Kits/PIC32 Starter Kits/MPLAB C32 Suite/bin/../lib/gcc/pic32mx/3.4.4/../../../../pic32mx/lib\libc.a(default-bootstrap-exception-handler.o)
                              C:/Microchip Starter Kits/PIC32 Starter Kits/MPLAB C32 Suite/bin/../lib/gcc/pic32mx/3.4.4/../../../../pic32mx/lib/crt0.o (_bootstrap_exception_handler)
C:/Microchip Starter Kits/PIC32 Starter Kits/MPLAB C32 Suite/bin/../lib/gcc/pic32mx/3.4.4/../../../../pic32mx/lib\libc.a(default-on-reset.o)
                              C:/Microchip Starter Kits/PIC32 Starter Kits/MPLAB C32 Suite/bin/../lib/gcc/pic32mx/3.4.4/../../../../pic32mx/lib/crt0.o (_on_reset)
C:/Microchip Starter Kits/PIC32 Starter Kits/MPLAB C32 Suite/bin/../lib/gcc/pic32mx/3.4.4/../../../../pic32mx/lib\libc.a(default-on-bootstrap.o)
                              C:/Microchip Starter Kits/PIC32 Starter Kits/MPLAB C32 Suite/bin/../lib/gcc/pic32mx/3.4.4/../../../../pic32mx/lib/crt0.o (_on_bootstrap)
C:/Microchip Starter Kits/PIC32 Starter Kits/MPLAB C32 Suite/bin/../lib/gcc/pic32mx/3.4.4/../../../../pic32mx/lib\libc.a(default-nmi-handler.o)
                              C:/Microchip Starter Kits/PIC32 Starter Kits/MPLAB C32 Suite/bin/../lib/gcc/pic32mx/3.4.4/../../../../pic32mx/lib/crt0.o (_nmi_handler)
C:/Microchip Starter Kits/PIC32 Starter Kits/MPLAB C32 Suite/bin/../lib/gcc/pic32mx/3.4.4/../../../../pic32mx/lib\libc.a(_mon_getc.o)
                              C:/Microchip Starter Kits/PIC32 Starter Kits/MPLAB C32 Suite/bin/../lib/gcc/pic32mx/3.4.4/../../../../pic32mx/lib\libc.a(_iobfuncs.o) (_mon_getc)
C:/Microchip Starter Kits/PIC32 Starter Kits/MPLAB C32 Suite/bin/../lib/gcc/pic32mx/3.4.4/../../../../pic32mx/lib\libc.a(_mon_write.o)
                              C:/Microchip Starter Kits/PIC32 Starter Kits/MPLAB C32 Suite/bin/../lib/gcc/pic32mx/3.4.4/../../../../pic32mx/lib\libc.a(_iobfuncs.o) (_mon_write)
C:/Microchip Starter Kits/PIC32 Starter Kits/MPLAB C32 Suite/bin/../lib/gcc/pic32mx/3.4.4/../../../../pic32mx/lib\libc.a(_exit.o)
                              C:/Microchip Starter Kits/PIC32 Starter Kits/MPLAB C32 Suite/bin/../lib/gcc/pic32mx/3.4.4/../../../../pic32mx/lib\libc.a(exit.o) (_exit)
C:/Microchip Starter Kits/PIC32 Starter Kits/MPLAB C32 Suite/bin/../lib/gcc/pic32mx/3.4.4/../../../../pic32mx/lib\libc.a(errno.o)
                              C:/Microchip Starter Kits/PIC32 Starter Kits/MPLAB C32 Suite/bin/../lib/gcc/pic32mx/3.4.4/../../../../pic32mx/lib\libc.a(_iobfuncs.o) (errno)
C:/Microchip Starter Kits/PIC32 Starter Kits/MPLAB C32 Suite/bin/../lib/gcc/pic32mx/3.4.4/../../../../pic32mx/lib\libc.a(_mon_putc.o)
                              C:/Microchip Starter Kits/PIC32 Starter Kits/MPLAB C32 Suite/bin/../lib/gcc/pic32mx/3.4.4/../../../../pic32mx/lib\libc.a(_mon_write.o) (_mon_putc)
C:/Microchip Starter Kits/PIC32 Starter Kits/MPLAB C32 Suite/bin/../lib/gcc/pic32mx/3.4.4/../../../../pic32mx/lib\libm.a(dp32.o)
                              test7.o (dpsub)

Allocating common symbols
Common symbol       size              file

b                   0x4               test7.o
echo_time           0x8               test7.o
alm                 0x4               test7.o
motor_position      0x4               test7.o
my_port_d6          0x4               test7.o
my_port_g8          0x4               test7.o
s_or_n              0x4               test7.o
b1                  0x4               test7.o
a1                  0x4               test7.o
echo_time4          0x8               test7.o
ref_distance1       0x24              test7.o
cur_distance1       0x24              test7.o
my_port_d13         0x4               test7.o
c1                  0x4               test7.o
c                   0x4               test7.o
cur_distance2       0x24              test7.o
first               0x1               test7.o
ref_distance2       0x24              test7.o
a                   0x4               test7.o
start               0x4               test7.o

Microchip PIC32 Memory-Usage Report

kseg0 Program-Memory Usage
section                    address  length [bytes]      (dec)  Description
-------                 ----------  -------------------------  -----------
.text                   0x9d000000         0x30f0       12528  Application's executable code 
.rodata                 0x9d0030f0          0x144         324  Read-only constant data 
.data                   0x9d003234           0xf4         244  Data-initialization template 
.sdata                  0x9d003328            0x4           4  Small data-initialization template 
      Total kseg0_program_mem used  :      0x332c       13100  2.5% of 0x80000

kseg0 Boot-Memory Usage
section                    address  length [bytes]      (dec)  Description
-------                 ----------  -------------------------  -----------
.startup                0x9fc00490          0x1e0         480  C startup code 
         Total kseg0_boot_mem used  :       0x1e0         480  19.9% of 0x970

Exception-Memory Usage 
section                    address  length [bytes]      (dec)  Description
-------                 ----------  -------------------------  -----------
.app_excpt              0x9fc01180           0x10          16  General-Exception handler 
.vector_26              0x9fc01540            0x8           8  Interrupt Vector 26 
          Total exception_mem used  :        0x18          24  0.6% of 0x1000

kseg1 Boot-Memory Usage
section                    address  length [bytes]      (dec)  Description
-------                 ----------  -------------------------  -----------
.reset                  0xbfc00000           0x10          16  Reset handler 
.bev_excpt              0xbfc00380           0x10          16  BEV-Exception handler 
         Total kseg1_boot_mem used  :        0x20          32  2.7% of 0x490
        --------------------------------------------------------------------------
         Total Program Memory used  :      0x3544       13636  2.6% of 0x81e00
        --------------------------------------------------------------------------


kseg1 Data-Memory Usage
section                    address  length [bytes]      (dec)  Description
-------                 ----------  -------------------------  -----------
.data                   0xa0000000           0xf4         244  Initialized data 
.sdata                  0xa00000f4            0x4           4  Small initialized data 
.sbss                   0xa00000f8           0x58          88  Small uninitialized data 
.bss                    0xa0000150          0x13c         316  Uninitialized data 
.stack                  0xa000028c          0x400        1024  Minimum space reserved for stack 
         Total kseg1_data_mem used  :       0x68c        1676  1.3% of 0x20000
        --------------------------------------------------------------------------
            Total Data Memory used  :       0x68c        1676  1.3% of 0x20000
        --------------------------------------------------------------------------

Memory Configuration

Name             Origin             Length             Attributes
kseg0_program_mem 0x9d000000         0x00080000         xr
kseg0_boot_mem   0x9fc00490         0x00000970
exception_mem    0x9fc01000         0x00001000
kseg1_boot_mem   0xbfc00000         0x00000490
debug_exec_mem   0xbfc02000         0x00000ff0
config3          0xbfc02ff0         0x00000004
config2          0xbfc02ff4         0x00000004
config1          0xbfc02ff8         0x00000004
config0          0xbfc02ffc         0x00000004
kseg1_data_mem   0xa0000000         0x00020000         w !x
sfrs             0xbf800000         0x00100000
configsfrs       0xbfc02ff0         0x00000010
*default*        0x00000000         0xffffffff

Linker script and memory map

LOAD C:/Microchip Starter Kits/PIC32 Starter Kits/MPLAB C32 Suite/bin/../lib/gcc/pic32mx/3.4.4/../../../../pic32mx/lib/crt0.o
LOAD test7.o
                0x00000001                __MPLAB_BUILD = 0x1
                0x00000001                __MPLAB_DEBUG = 0x1
                0x00000001                __MPLAB_DEBUGGER_PIC32MXSK = 0x1
LOAD C:/Microchip Starter Kits/PIC32 Starter Kits/MPLAB C32 Suite/bin/../lib/gcc/pic32mx/3.4.4\libgcc.a
START GROUP
LOAD C:/Microchip Starter Kits/PIC32 Starter Kits/MPLAB C32 Suite/bin/../lib/gcc/pic32mx/3.4.4/../../../../pic32mx/lib\libdebug.a
LOAD C:/Microchip Starter Kits/PIC32 Starter Kits/MPLAB C32 Suite/bin/../lib/gcc/pic32mx/3.4.4/../../../../pic32mx/lib\libc.a
LOAD C:/Microchip Starter Kits/PIC32 Starter Kits/MPLAB C32 Suite/bin/../lib/gcc/pic32mx/3.4.4/../../../../pic32mx/lib\libm.a
LOAD C:/Microchip Starter Kits/PIC32 Starter Kits/MPLAB C32 Suite/bin/../lib/gcc/pic32mx/3.4.4/../../../../pic32mx/lib\libe.a
LOAD C:/Microchip Starter Kits/PIC32 Starter Kits/MPLAB C32 Suite/bin/../lib/gcc/pic32mx/3.4.4/../../../../pic32mx/lib\libdsp.a
LOAD C:/Microchip Starter Kits/PIC32 Starter Kits/MPLAB C32 Suite/bin/../lib/gcc/pic32mx/3.4.4/../../../../pic32mx/lib\libmchp_peripheral.a
LOAD C:/Microchip Starter Kits/PIC32 Starter Kits/MPLAB C32 Suite/bin/../lib/gcc/pic32mx/3.4.4/../../../../pic32mx/lib\libmchp_peripheral_32MX795F512L.a
END GROUP
LOAD C:/Microchip Starter Kits/PIC32 Starter Kits/MPLAB C32 Suite/bin/../lib/gcc/pic32mx/3.4.4\libgcc.a
                0x00000400                PROVIDE (_min_stack_size, 0x400)
                0x00000000                PROVIDE (_min_heap_size, 0x0)
LOAD C:/Microchip Starter Kits/PIC32 Starter Kits/MPLAB C32 Suite/bin/../lib/gcc/pic32mx/3.4.4/../../../../pic32mx/lib/./proc/32MX795F512L\processor.o
                0x00000001                PROVIDE (_vector_spacing, 0x1)
                0x9fc01000                _ebase_address = 0x9fc01000
                0xbfc00000                _RESET_ADDR = 0xbfc00000
                0xbfc00380                _BEV_EXCPT_ADDR = 0xbfc00380
                0xbfc00480                _DBG_EXCPT_ADDR = 0xbfc00480
                0xbfc02000                _DBG_CODE_ADDR = 0xbfc02000
                0x9fc01180                _GEN_EXCPT_ADDR = (_ebase_address + 0x180)

.config_BFC02FF0
 *(.config_BFC02FF0)

.config_BFC02FF4
 *(.config_BFC02FF4)

.config_BFC02FF8
                0xbfc02ff8        0x4
 *(.config_BFC02FF8)
 .config_BFC02FF8
                0xbfc02ff8        0x4 test7.o

.config_BFC02FFC
 *(.config_BFC02FFC)

.reset          0xbfc00000       0x10
 *(.reset)
 .reset         0xbfc00000       0x10 C:/Microchip Starter Kits/PIC32 Starter Kits/MPLAB C32 Suite/bin/../lib/gcc/pic32mx/3.4.4/../../../../pic32mx/lib/crt0.o
                0xbfc00000                _reset

.bev_excpt      0xbfc00380       0x10
 *(.bev_handler)
 .bev_handler   0xbfc00380       0x10 C:/Microchip Starter Kits/PIC32 Starter Kits/MPLAB C32 Suite/bin/../lib/gcc/pic32mx/3.4.4/../../../../pic32mx/lib/crt0.o

.dbg_excpt      0xbfc00480        0x0
                0xbfc00480                . = (. + DEFINED (_DEBUGGER)?0x8:0x0)

.dbg_code       0xbfc02000        0x0
                0xbfc02000                . = (. + DEFINED (_DEBUGGER)?0xff0:0x0)

.app_excpt      0x9fc01180       0x10
 *(.gen_handler)
 .gen_handler   0x9fc01180       0x10 C:/Microchip Starter Kits/PIC32 Starter Kits/MPLAB C32 Suite/bin/../lib/gcc/pic32mx/3.4.4/../../../../pic32mx/lib/crt0.o

.vector_0       0x9fc01200        0x0
 *(.vector_0)
                0x00000001                ASSERT (((_vector_spacing == 0x0) || (SIZEOF (.vector_0) <= (_vector_spacing << 0x5))), function at exception vector 0 too large)

.vector_1       0x9fc01220        0x0
 *(.vector_1)
                0x00000001                ASSERT (((_vector_spacing == 0x0) || (SIZEOF (.vector_1) <= (_vector_spacing << 0x5))), function at exception vector 1 too large)

.vector_2       0x9fc01240        0x0
 *(.vector_2)
                0x00000001                ASSERT (((_vector_spacing == 0x0) || (SIZEOF (.vector_2) <= (_vector_spacing << 0x5))), function at exception vector 2 too large)

.vector_3       0x9fc01260        0x0
 *(.vector_3)
                0x00000001                ASSERT (((_vector_spacing == 0x0) || (SIZEOF (.vector_3) <= (_vector_spacing << 0x5))), function at exception vector 3 too large)

.vector_4       0x9fc01280        0x0
 *(.vector_4)
                0x00000001                ASSERT (((_vector_spacing == 0x0) || (SIZEOF (.vector_4) <= (_vector_spacing << 0x5))), function at exception vector 4 too large)

.vector_5       0x9fc012a0        0x0
 *(.vector_5)
                0x00000001                ASSERT (((_vector_spacing == 0x0) || (SIZEOF (.vector_5) <= (_vector_spacing << 0x5))), function at exception vector 5 too large)

.vector_6       0x9fc012c0        0x0
 *(.vector_6)
                0x00000001                ASSERT (((_vector_spacing == 0x0) || (SIZEOF (.vector_6) <= (_vector_spacing << 0x5))), function at exception vector 6 too large)

.vector_7       0x9fc012e0        0x0
 *(.vector_7)
                0x00000001                ASSERT (((_vector_spacing == 0x0) || (SIZEOF (.vector_7) <= (_vector_spacing << 0x5))), function at exception vector 7 too large)

.vector_8       0x9fc01300        0x0
 *(.vector_8)
                0x00000001                ASSERT (((_vector_spacing == 0x0) || (SIZEOF (.vector_8) <= (_vector_spacing << 0x5))), function at exception vector 8 too large)

.vector_9       0x9fc01320        0x0
 *(.vector_9)
                0x00000001                ASSERT (((_vector_spacing == 0x0) || (SIZEOF (.vector_9) <= (_vector_spacing << 0x5))), function at exception vector 9 too large)

.vector_10      0x9fc01340        0x0
 *(.vector_10)
                0x00000001                ASSERT (((_vector_spacing == 0x0) || (SIZEOF (.vector_10) <= (_vector_spacing << 0x5))), function at exception vector 10 too large)

.vector_11      0x9fc01360        0x0
 *(.vector_11)
                0x00000001                ASSERT (((_vector_spacing == 0x0) || (SIZEOF (.vector_11) <= (_vector_spacing << 0x5))), function at exception vector 11 too large)

.vector_12      0x9fc01380        0x0
 *(.vector_12)
                0x00000001                ASSERT (((_vector_spacing == 0x0) || (SIZEOF (.vector_12) <= (_vector_spacing << 0x5))), function at exception vector 12 too large)

.vector_13      0x9fc013a0        0x0
 *(.vector_13)
                0x00000001                ASSERT (((_vector_spacing == 0x0) || (SIZEOF (.vector_13) <= (_vector_spacing << 0x5))), function at exception vector 13 too large)

.vector_14      0x9fc013c0        0x0
 *(.vector_14)
                0x00000001                ASSERT (((_vector_spacing == 0x0) || (SIZEOF (.vector_14) <= (_vector_spacing << 0x5))), function at exception vector 14 too large)

.vector_15      0x9fc013e0        0x0
 *(.vector_15)
                0x00000001                ASSERT (((_vector_spacing == 0x0) || (SIZEOF (.vector_15) <= (_vector_spacing << 0x5))), function at exception vector 15 too large)

.vector_16      0x9fc01400        0x0
 *(.vector_16)
                0x00000001                ASSERT (((_vector_spacing == 0x0) || (SIZEOF (.vector_16) <= (_vector_spacing << 0x5))), function at exception vector 16 too large)

.vector_17      0x9fc01420        0x0
 *(.vector_17)
                0x00000001                ASSERT (((_vector_spacing == 0x0) || (SIZEOF (.vector_17) <= (_vector_spacing << 0x5))), function at exception vector 17 too large)

.vector_18      0x9fc01440        0x0
 *(.vector_18)
                0x00000001                ASSERT (((_vector_spacing == 0x0) || (SIZEOF (.vector_18) <= (_vector_spacing << 0x5))), function at exception vector 18 too large)

.vector_19      0x9fc01460        0x0
 *(.vector_19)
                0x00000001                ASSERT (((_vector_spacing == 0x0) || (SIZEOF (.vector_19) <= (_vector_spacing << 0x5))), function at exception vector 19 too large)

.vector_20      0x9fc01480        0x0
 *(.vector_20)
                0x00000001                ASSERT (((_vector_spacing == 0x0) || (SIZEOF (.vector_20) <= (_vector_spacing << 0x5))), function at exception vector 20 too large)

.vector_21      0x9fc014a0        0x0
 *(.vector_21)
                0x00000001                ASSERT (((_vector_spacing == 0x0) || (SIZEOF (.vector_21) <= (_vector_spacing << 0x5))), function at exception vector 21 too large)

.vector_22      0x9fc014c0        0x0
 *(.vector_22)
                0x00000001                ASSERT (((_vector_spacing == 0x0) || (SIZEOF (.vector_22) <= (_vector_spacing << 0x5))), function at exception vector 22 too large)

.vector_23      0x9fc014e0        0x0
 *(.vector_23)
                0x00000001                ASSERT (((_vector_spacing == 0x0) || (SIZEOF (.vector_23) <= (_vector_spacing << 0x5))), function at exception vector 23 too large)

.vector_24      0x9fc01500        0x0
 *(.vector_24)
                0x00000001                ASSERT (((_vector_spacing == 0x0) || (SIZEOF (.vector_24) <= (_vector_spacing << 0x5))), function at exception vector 24 too large)

.vector_25      0x9fc01520        0x0
 *(.vector_25)
                0x00000001                ASSERT (((_vector_spacing == 0x0) || (SIZEOF (.vector_25) <= (_vector_spacing << 0x5))), function at exception vector 25 too large)

.vector_26      0x9fc01540        0x8
 *(.vector_26)
 .vector_26     0x9fc01540        0x8 test7.o
                0x00000001                ASSERT (((_vector_spacing == 0x0) || (SIZEOF (.vector_26) <= (_vector_spacing << 0x5))), function at exception vector 26 too large)

.vector_27      0x9fc01560        0x0
 *(.vector_27)
                0x00000001                ASSERT (((_vector_spacing == 0x0) || (SIZEOF (.vector_27) <= (_vector_spacing << 0x5))), function at exception vector 27 too large)

.vector_28      0x9fc01580        0x0
 *(.vector_28)
                0x00000001                ASSERT (((_vector_spacing == 0x0) || (SIZEOF (.vector_28) <= (_vector_spacing << 0x5))), function at exception vector 28 too large)

.vector_29      0x9fc015a0        0x0
 *(.vector_29)
                0x00000001                ASSERT (((_vector_spacing == 0x0) || (SIZEOF (.vector_29) <= (_vector_spacing << 0x5))), function at exception vector 29 too large)

.vector_30      0x9fc015c0        0x0
 *(.vector_30)
                0x00000001                ASSERT (((_vector_spacing == 0x0) || (SIZEOF (.vector_30) <= (_vector_spacing << 0x5))), function at exception vector 30 too large)

.vector_31      0x9fc015e0        0x0
 *(.vector_31)
                0x00000001                ASSERT (((_vector_spacing == 0x0) || (SIZEOF (.vector_31) <= (_vector_spacing << 0x5))), function at exception vector 31 too large)

.vector_32      0x9fc01600        0x0
 *(.vector_32)
                0x00000001                ASSERT (((_vector_spacing == 0x0) || (SIZEOF (.vector_32) <= (_vector_spacing << 0x5))), function at exception vector 32 too large)

.vector_33      0x9fc01620        0x0
 *(.vector_33)
                0x00000001                ASSERT (((_vector_spacing == 0x0) || (SIZEOF (.vector_33) <= (_vector_spacing << 0x5))), function at exception vector 33 too large)

.vector_34      0x9fc01640        0x0
 *(.vector_34)
                0x00000001                ASSERT (((_vector_spacing == 0x0) || (SIZEOF (.vector_34) <= (_vector_spacing << 0x5))), function at exception vector 34 too large)

.vector_35      0x9fc01660        0x0
 *(.vector_35)
                0x00000001                ASSERT (((_vector_spacing == 0x0) || (SIZEOF (.vector_35) <= (_vector_spacing << 0x5))), function at exception vector 35 too large)

.vector_36      0x9fc01680        0x0
 *(.vector_36)
                0x00000001                ASSERT (((_vector_spacing == 0x0) || (SIZEOF (.vector_36) <= (_vector_spacing << 0x5))), function at exception vector 36 too large)

.vector_37      0x9fc016a0        0x0
 *(.vector_37)
                0x00000001                ASSERT (((_vector_spacing == 0x0) || (SIZEOF (.vector_37) <= (_vector_spacing << 0x5))), function at exception vector 37 too large)

.vector_38      0x9fc016c0        0x0
 *(.vector_38)
                0x00000001                ASSERT (((_vector_spacing == 0x0) || (SIZEOF (.vector_38) <= (_vector_spacing << 0x5))), function at exception vector 38 too large)

.vector_39      0x9fc016e0        0x0
 *(.vector_39)
                0x00000001                ASSERT (((_vector_spacing == 0x0) || (SIZEOF (.vector_39) <= (_vector_spacing << 0x5))), function at exception vector 39 too large)

.vector_40      0x9fc01700        0x0
 *(.vector_40)
                0x00000001                ASSERT (((_vector_spacing == 0x0) || (SIZEOF (.vector_40) <= (_vector_spacing << 0x5))), function at exception vector 40 too large)

.vector_41      0x9fc01720        0x0
 *(.vector_41)
                0x00000001                ASSERT (((_vector_spacing == 0x0) || (SIZEOF (.vector_41) <= (_vector_spacing << 0x5))), function at exception vector 41 too large)

.vector_42      0x9fc01740        0x0
 *(.vector_42)
                0x00000001                ASSERT (((_vector_spacing == 0x0) || (SIZEOF (.vector_42) <= (_vector_spacing << 0x5))), function at exception vector 42 too large)

.vector_43      0x9fc01760        0x0
 *(.vector_43)
                0x00000001                ASSERT (((_vector_spacing == 0x0) || (SIZEOF (.vector_43) <= (_vector_spacing << 0x5))), function at exception vector 43 too large)

.vector_44      0x9fc01780        0x0
 *(.vector_44)
                0x00000001                ASSERT (((_vector_spacing == 0x0) || (SIZEOF (.vector_44) <= (_vector_spacing << 0x5))), function at exception vector 44 too large)

.vector_45      0x9fc017a0        0x0
 *(.vector_45)
                0x00000001                ASSERT (((_vector_spacing == 0x0) || (SIZEOF (.vector_45) <= (_vector_spacing << 0x5))), function at exception vector 45 too large)

.vector_46      0x9fc017c0        0x0
 *(.vector_46)
                0x00000001                ASSERT (((_vector_spacing == 0x0) || (SIZEOF (.vector_46) <= (_vector_spacing << 0x5))), function at exception vector 46 too large)

.vector_47      0x9fc017e0        0x0
 *(.vector_47)
                0x00000001                ASSERT (((_vector_spacing == 0x0) || (SIZEOF (.vector_47) <= (_vector_spacing << 0x5))), function at exception vector 47 too large)

.vector_48      0x9fc01800        0x0
 *(.vector_48)
                0x00000001                ASSERT (((_vector_spacing == 0x0) || (SIZEOF (.vector_48) <= (_vector_spacing << 0x5))), function at exception vector 48 too large)

.vector_49      0x9fc01820        0x0
 *(.vector_49)
                0x00000001                ASSERT (((_vector_spacing == 0x0) || (SIZEOF (.vector_49) <= (_vector_spacing << 0x5))), function at exception vector 49 too large)

.vector_50      0x9fc01840        0x0
 *(.vector_50)
                0x00000001                ASSERT (((_vector_spacing == 0x0) || (SIZEOF (.vector_50) <= (_vector_spacing << 0x5))), function at exception vector 50 too large)

.vector_51      0x9fc01860        0x0
 *(.vector_51)
                0x00000001                ASSERT (((_vector_spacing == 0x0) || (SIZEOF (.vector_51) <= (_vector_spacing << 0x5))), function at exception vector 51 too large)

.vector_52      0x9fc01880        0x0
 *(.vector_52)
                0x00000001                ASSERT (((_vector_spacing == 0x0) || (SIZEOF (.vector_52) <= (_vector_spacing << 0x5))), function at exception vector 52 too large)

.vector_53      0x9fc018a0        0x0
 *(.vector_53)
                0x00000001                ASSERT (((_vector_spacing == 0x0) || (SIZEOF (.vector_53) <= (_vector_spacing << 0x5))), function at exception vector 53 too large)

.vector_54      0x9fc018c0        0x0
 *(.vector_54)
                0x00000001                ASSERT (((_vector_spacing == 0x0) || (SIZEOF (.vector_54) <= (_vector_spacing << 0x5))), function at exception vector 54 too large)

.vector_55      0x9fc018e0        0x0
 *(.vector_55)
                0x00000001                ASSERT (((_vector_spacing == 0x0) || (SIZEOF (.vector_55) <= (_vector_spacing << 0x5))), function at exception vector 55 too large)

.vector_56      0x9fc01900        0x0
 *(.vector_56)
                0x00000001                ASSERT (((_vector_spacing == 0x0) || (SIZEOF (.vector_56) <= (_vector_spacing << 0x5))), function at exception vector 56 too large)

.vector_57      0x9fc01920        0x0
 *(.vector_57)
                0x00000001                ASSERT (((_vector_spacing == 0x0) || (SIZEOF (.vector_57) <= (_vector_spacing << 0x5))), function at exception vector 57 too large)

.vector_58      0x9fc01940        0x0
 *(.vector_58)
                0x00000001                ASSERT (((_vector_spacing == 0x0) || (SIZEOF (.vector_58) <= (_vector_spacing << 0x5))), function at exception vector 58 too large)

.vector_59      0x9fc01960        0x0
 *(.vector_59)
                0x00000001                ASSERT (((_vector_spacing == 0x0) || (SIZEOF (.vector_59) <= (_vector_spacing << 0x5))), function at exception vector 59 too large)

.vector_60      0x9fc01980        0x0
 *(.vector_60)
                0x00000001                ASSERT (((_vector_spacing == 0x0) || (SIZEOF (.vector_60) <= (_vector_spacing << 0x5))), function at exception vector 60 too large)

.vector_61      0x9fc019a0        0x0
 *(.vector_61)
                0x00000001                ASSERT (((_vector_spacing == 0x0) || (SIZEOF (.vector_61) <= (_vector_spacing << 0x5))), function at exception vector 61 too large)

.vector_62      0x9fc019c0        0x0
 *(.vector_62)
                0x00000001                ASSERT (((_vector_spacing == 0x0) || (SIZEOF (.vector_62) <= (_vector_spacing << 0x5))), function at exception vector 62 too large)

.vector_63      0x9fc019e0        0x0
 *(.vector_63)
                0x00000001                ASSERT (((_vector_spacing == 0x0) || (SIZEOF (.vector_63) <= (_vector_spacing << 0x5))), function at exception vector 63 too large)

.startup        0x9fc00490      0x1e0
 *(.startup)
 .startup       0x9fc00490      0x1e0 C:/Microchip Starter Kits/PIC32 Starter Kits/MPLAB C32 Suite/bin/../lib/gcc/pic32mx/3.4.4/../../../../pic32mx/lib/crt0.o

.text           0x9d000000     0x30f0
                0x9d000000                _text_begin = .
 *(.text .stub .text.* .gnu.linkonce.t.*)
 .text          0x9d000000       0x18 C:/Microchip Starter Kits/PIC32 Starter Kits/MPLAB C32 Suite/bin/../lib/gcc/pic32mx/3.4.4/../../../../pic32mx/lib/crt0.o
 .text          0x9d000018     0x1a7c test7.o
                0x9d000274                LCD_putchar
                0x9d000fd0                DisplayTMR2
                0x9d00045c                DelayMotor
                0x9d000078                GenMsec
                0x9d000018                DelayUsec
                0x9d0012c8                initTimer2
                0x9d000178                LCD_init
                0x9d0015ec                alarm
                0x9d000128                initIntGlobal
                0x9d0003a0                LCD_goto
                0x9d00114c                DisplayTMR4
                0x9d000304                LCD_puts
                0x9d0004a4                main
                0x9d001324                initTimer4
                0x9d001420                CN_ISR
                0x9d000158                MCU_init
                0x9d001710                initPWM
                0x9d001380                initCN
                0x9d000f68                initPort
                0x9d001788                DisplayP
                0x9d0000c4                DelayMsec
 .text.general_exception
                0x9d001a94       0xd0 C:/Microchip Starter Kits/PIC32 Starter Kits/MPLAB C32 Suite/bin/../lib/gcc/pic32mx/3.4.4/../../../../pic32mx/lib\libc.a(general-exception.o)
                0x9d001a94                _general_exception_context
 .text.exit     0x9d001b64       0xa4 C:/Microchip Starter Kits/PIC32 Starter Kits/MPLAB C32 Suite/bin/../lib/gcc/pic32mx/3.4.4/../../../../pic32mx/lib\libc.a(exit.o)
                0x9d001b64                exit
 .text._filbuf_simple
                0x9d001c08       0x28 C:/Microchip Starter Kits/PIC32 Starter Kits/MPLAB C32 Suite/bin/../lib/gcc/pic32mx/3.4.4/../../../../pic32mx/lib\libc.a(_iobfuncs.o)
                0x9d001c08                _filbuf_simple
 .text._fflush_simple
                0x9d001c30       0x68 C:/Microchip Starter Kits/PIC32 Starter Kits/MPLAB C32 Suite/bin/../lib/gcc/pic32mx/3.4.4/../../../../pic32mx/lib\libc.a(_iobfuncs.o)
                0x9d001c30                _fflush_simple
 .text._flsbuf_simple
                0x9d001c98       0xe8 C:/Microchip Starter Kits/PIC32 Starter Kits/MPLAB C32 Suite/bin/../lib/gcc/pic32mx/3.4.4/../../../../pic32mx/lib\libc.a(_iobfuncs.o)
                0x9d001c98                _flsbuf_simple
 .text._fwrite_simple
                0x9d001d80       0x84 C:/Microchip Starter Kits/PIC32 Starter Kits/MPLAB C32 Suite/bin/../lib/gcc/pic32mx/3.4.4/../../../../pic32mx/lib\libc.a(_iobfuncs.o)
                0x9d001d80                _fwrite_simple
 .text._fsync_simple
                0x9d001e04       0x34 C:/Microchip Starter Kits/PIC32 Starter Kits/MPLAB C32 Suite/bin/../lib/gcc/pic32mx/3.4.4/../../../../pic32mx/lib\libc.a(_iobfuncs.o)
                0x9d001e04                _fsync_simple
 .text._weak_pthread_mutex_init
                0x9d001e38        0x8 C:/Microchip Starter Kits/PIC32 Starter Kits/MPLAB C32 Suite/bin/../lib/gcc/pic32mx/3.4.4/../../../../pic32mx/lib\libc.a(stubs.o)
                0x9d001e38                _weak_pthread_mutex_init
                0x9d001e38                pthread_mutex_init
 .text._weak_pthread_mutex_destroy
                0x9d001e40        0x8 C:/Microchip Starter Kits/PIC32 Starter Kits/MPLAB C32 Suite/bin/../lib/gcc/pic32mx/3.4.4/../../../../pic32mx/lib\libc.a(stubs.o)
                0x9d001e40                _weak_pthread_mutex_destroy
                0x9d001e40                pthread_mutex_destroy
 .text._weak_pthread_mutex_lock
                0x9d001e48        0x8 C:/Microchip Starter Kits/PIC32 Starter Kits/MPLAB C32 Suite/bin/../lib/gcc/pic32mx/3.4.4/../../../../pic32mx/lib\libc.a(stubs.o)
                0x9d001e48                _weak_pthread_mutex_lock
                0x9d001e48                pthread_mutex_lock
 .text._weak_pthread_mutex_trylock
                0x9d001e50        0x8 C:/Microchip Starter Kits/PIC32 Starter Kits/MPLAB C32 Suite/bin/../lib/gcc/pic32mx/3.4.4/../../../../pic32mx/lib\libc.a(stubs.o)
                0x9d001e50                _weak_pthread_mutex_trylock
                0x9d001e50                pthread_mutex_trylock
 .text._weak_pthread_mutex_unlock
                0x9d001e58        0x8 C:/Microchip Starter Kits/PIC32 Starter Kits/MPLAB C32 Suite/bin/../lib/gcc/pic32mx/3.4.4/../../../../pic32mx/lib\libc.a(stubs.o)
                0x9d001e58                _weak_pthread_mutex_unlock
                0x9d001e58                pthread_mutex_unlock
 .text._weak_pthread_mutex_setname_np
                0x9d001e60        0x8 C:/Microchip Starter Kits/PIC32 Starter Kits/MPLAB C32 Suite/bin/../lib/gcc/pic32mx/3.4.4/../../../../pic32mx/lib\libc.a(stubs.o)
                0x9d001e60                pthread_mutex_setname_np
                0x9d001e60                _weak_pthread_mutex_setname_np
 .text._weak_pthread_mutexattr_init
                0x9d001e68        0x8 C:/Microchip Starter Kits/PIC32 Starter Kits/MPLAB C32 Suite/bin/../lib/gcc/pic32mx/3.4.4/../../../../pic32mx/lib\libc.a(stubs.o)
                0x9d001e68                _weak_pthread_mutexattr_init
                0x9d001e68                pthread_mutexattr_init
 .text._weak_pthread_mutexattr_destroy
                0x9d001e70        0x8 C:/Microchip Starter Kits/PIC32 Starter Kits/MPLAB C32 Suite/bin/../lib/gcc/pic32mx/3.4.4/../../../../pic32mx/lib\libc.a(stubs.o)
                0x9d001e70                pthread_mutexattr_destroy
                0x9d001e70                _weak_pthread_mutexattr_destroy
 .text._weak_pthread_mutexattr_setname_np
                0x9d001e78        0x8 C:/Microchip Starter Kits/PIC32 Starter Kits/MPLAB C32 Suite/bin/../lib/gcc/pic32mx/3.4.4/../../../../pic32mx/lib\libc.a(stubs.o)
                0x9d001e78                _weak_pthread_mutexattr_setname_np
                0x9d001e78                pthread_mutexattr_setname_np
 .text._weak_pthread_mutexattr_settype_np
                0x9d001e80        0x8 C:/Microchip Starter Kits/PIC32 Starter Kits/MPLAB C32 Suite/bin/../lib/gcc/pic32mx/3.4.4/../../../../pic32mx/lib\libc.a(stubs.o)
                0x9d001e80                _weak_pthread_mutexattr_settype_np
                0x9d001e80                pthread_mutexattr_settype_np
 .text._weak_pthread_sysconf_np
                0x9d001e88        0x8 C:/Microchip Starter Kits/PIC32 Starter Kits/MPLAB C32 Suite/bin/../lib/gcc/pic32mx/3.4.4/../../../../pic32mx/lib\libc.a(stubs.o)
                0x9d001e88                _weak_pthread_sysconf_np
                0x9d001e88                pthread_sysconf_np
 .text._weak_pthread_sigdisable_np
                0x9d001e90        0x8 C:/Microchip Starter Kits/PIC32 Starter Kits/MPLAB C32 Suite/bin/../lib/gcc/pic32mx/3.4.4/../../../../pic32mx/lib\libc.a(stubs.o)
                0x9d001e90                _weak_pthread_sigdisable_np
                0x9d001e90                pthread_sigdisable_np
 .text._weak_pthread_sigrestore_np
                0x9d001e98        0x8 C:/Microchip Starter Kits/PIC32 Starter Kits/MPLAB C32 Suite/bin/../lib/gcc/pic32mx/3.4.4/../../../../pic32mx/lib\libc.a(stubs.o)
                0x9d001e98                pthread_sigrestore_np
                0x9d001e98                _weak_pthread_sigrestore_np
 .text._weak__pthread_cleanup_push
                0x9d001ea0        0x8 C:/Microchip Starter Kits/PIC32 Starter Kits/MPLAB C32 Suite/bin/../lib/gcc/pic32mx/3.4.4/../../../../pic32mx/lib\libc.a(stubs.o)
                0x9d001ea0                _weak__pthread_cleanup_push
                0x9d001ea0                _pthread_cleanup_push
 .text._weak__pthread_cleanup_pop
                0x9d001ea8        0x8 C:/Microchip Starter Kits/PIC32 Starter Kits/MPLAB C32 Suite/bin/../lib/gcc/pic32mx/3.4.4/../../../../pic32mx/lib\libc.a(stubs.o)
                0x9d001ea8                _pthread_cleanup_pop
                0x9d001ea8                _weak__pthread_cleanup_pop
 .text._weak__pthread_cleanup_push_defer
                0x9d001eb0        0x8 C:/Microchip Starter Kits/PIC32 Starter Kits/MPLAB C32 Suite/bin/../lib/gcc/pic32mx/3.4.4/../../../../pic32mx/lib\libc.a(stubs.o)
                0x9d001eb0                _weak__pthread_cleanup_push_defer
                0x9d001eb0                _pthread_cleanup_push_defer
 .text._weak__pthread_cleanup_pop_restore
                0x9d001eb8        0x8 C:/Microchip Starter Kits/PIC32 Starter Kits/MPLAB C32 Suite/bin/../lib/gcc/pic32mx/3.4.4/../../../../pic32mx/lib\libc.a(stubs.o)
                0x9d001eb8                _pthread_cleanup_pop_restore
                0x9d001eb8                _weak__pthread_cleanup_pop_restore
 .text._weak_pthread_once
                0x9d001ec0       0x2c C:/Microchip Starter Kits/PIC32 Starter Kits/MPLAB C32 Suite/bin/../lib/gcc/pic32mx/3.4.4/../../../../pic32mx/lib\libc.a(stubs.o)
                0x9d001ec0                _weak_pthread_once
                0x9d001ec0                pthread_once
                0x9d001ec0                _pthread_once
 .text._weak_pthread_key_create
                0x9d001eec        0x8 C:/Microchip Starter Kits/PIC32 Starter Kits/MPLAB C32 Suite/bin/../lib/gcc/pic32mx/3.4.4/../../../../pic32mx/lib\libc.a(stubs.o)
                0x9d001eec                pthread_key_create
                0x9d001eec                _weak_pthread_key_create
 .text._weak_pthread_setspecific
                0x9d001ef4        0x8 C:/Microchip Starter Kits/PIC32 Starter Kits/MPLAB C32 Suite/bin/../lib/gcc/pic32mx/3.4.4/../../../../pic32mx/lib\libc.a(stubs.o)
                0x9d001ef4                _weak_pthread_setspecific
                0x9d001ef4                pthread_setspecific
 .text._weak_pthread_getspecific
                0x9d001efc        0x8 C:/Microchip Starter Kits/PIC32 Starter Kits/MPLAB C32 Suite/bin/../lib/gcc/pic32mx/3.4.4/../../../../pic32mx/lib\libc.a(stubs.o)
                0x9d001efc                pthread_getspecific
                0x9d001efc                _weak_pthread_getspecific
 .text._weak__libc_private_storage
                0x9d001f04        0x8 C:/Microchip Starter Kits/PIC32 Starter Kits/MPLAB C32 Suite/bin/../lib/gcc/pic32mx/3.4.4/../../../../pic32mx/lib\libc.a(stubs.o)
                0x9d001f04                _libc_private_storage
                0x9d001f04                _weak__libc_private_storage
 .text._general_exception_handler
                0x9d001f0c        0x8 C:/Microchip Starter Kits/PIC32 Starter Kits/MPLAB C32 Suite/bin/../lib/gcc/pic32mx/3.4.4/../../../../pic32mx/lib\libc.a(default-general-exception-handler.o)
                0x9d001f0c                _general_exception_handler
 .text._bootstrap_exception_handler
                0x9d001f14        0x8 C:/Microchip Starter Kits/PIC32 Starter Kits/MPLAB C32 Suite/bin/../lib/gcc/pic32mx/3.4.4/../../../../pic32mx/lib\libc.a(default-bootstrap-exception-handler.o)
                0x9d001f14                _bootstrap_exception_handler
 .text._on_reset
                0x9d001f1c        0x8 C:/Microchip Starter Kits/PIC32 Starter Kits/MPLAB C32 Suite/bin/../lib/gcc/pic32mx/3.4.4/../../../../pic32mx/lib\libc.a(default-on-reset.o)
                0x9d001f1c                _on_reset
 .text._on_bootstrap
                0x9d001f24        0x8 C:/Microchip Starter Kits/PIC32 Starter Kits/MPLAB C32 Suite/bin/../lib/gcc/pic32mx/3.4.4/../../../../pic32mx/lib\libc.a(default-on-bootstrap.o)
                0x9d001f24                _on_bootstrap
 .text          0x9d001f2c       0x18 C:/Microchip Starter Kits/PIC32 Starter Kits/MPLAB C32 Suite/bin/../lib/gcc/pic32mx/3.4.4/../../../../pic32mx/lib\libc.a(default-nmi-handler.o)
                0x9d001f2c                _nmi_handler
 .text._mon_getc
                0x9d001f44        0x8 C:/Microchip Starter Kits/PIC32 Starter Kits/MPLAB C32 Suite/bin/../lib/gcc/pic32mx/3.4.4/../../../../pic32mx/lib\libc.a(_mon_getc.o)
                0x9d001f44                _mon_getc
 .text._mon_write
                0x9d001f4c       0x4c C:/Microchip Starter Kits/PIC32 Starter Kits/MPLAB C32 Suite/bin/../lib/gcc/pic32mx/3.4.4/../../../../pic32mx/lib\libc.a(_mon_write.o)
                0x9d001f4c                _mon_write
 .text._exit    0x9d001f98        0x8 C:/Microchip Starter Kits/PIC32 Starter Kits/MPLAB C32 Suite/bin/../lib/gcc/pic32mx/3.4.4/../../../../pic32mx/lib\libc.a(_exit.o)
                0x9d001f98                _exit
 .text._mon_putc
                0x9d001fa0       0x28 C:/Microchip Starter Kits/PIC32 Starter Kits/MPLAB C32 Suite/bin/../lib/gcc/pic32mx/3.4.4/../../../../pic32mx/lib\libc.a(_mon_putc.o)
                0x9d001fa0                _mon_putc
 .text          0x9d001fc8     0x1128 C:/Microchip Starter Kits/PIC32 Starter Kits/MPLAB C32 Suite/bin/../lib/gcc/pic32mx/3.4.4/../../../../pic32mx/lib\libm.a(dp32.o)
                0x9d003078                fabs
                0x9d002f3c                __eqdf2
                0x9d002f3c                __gtdf2
                0x9d001fc8                dpsub
                0x9d002bd0                __floatsidf
                0x9d002f3c                __ltdf2
                0x9d002c44                ultodp
                0x9d0023f4                dpmul
                0x9d002d38                dptofp
                0x9d002eb8                __fixunsdfsi
                0x9d002f3c                dpcmp
                0x9d002c94                __extendsfdf2
                0x9d001fd0                __adddf3
                0x9d002eb8                dptoul
                0x9d00271c                dpdiv
                0x9d002bd0                litodp
                0x9d002e30                __fixdfsi
                0x9d002f3c                __ledf2
                0x9d002c94                fptodp
                0x9d003060                __negdf2
                0x9d001fd0                dpadd
                0x9d00271c                __divdf3
                0x9d0023f4                __muldf3
                0x9d002d38                __truncdfsf2
                0x9d002f3c                __nedf2
                0x9d002e30                dptoli
                0x9d003094                nan
                0x9d003078                dpfabs
                0x9d002f3c                __gedf2
                0x9d003094                dpnan
                0x9d001fc8                __subdf3
 *(.text.*personality*)
 *(.gnu.warning)
 *(.mips16.fn.*)
 *(.mips16.call.*)
                0x9d0030f0                _text_end = .

.rodata         0x9d0030f0      0x144
 *(.rodata .rodata.* .gnu.linkonce.r.*)
 .rodata        0x9d0030f0      0x130 test7.o
                0x9d00311c                Pstr1
                0x9d00313c                Pstr3
                0x9d003114                Pstr0
                0x9d0031a0                Pstr10
                0x9d003100                startStr2
                0x9d00314c                Pstr4
                0x9d0031c8                Pstr13
                0x9d0031e8                Pstr15
                0x9d003154                Pstr5
                0x9d0031c0                Pstr12
                0x9d0030f0                startStr1
                0x9d003168                Pstr6
                0x9d0031d8                Pstr14
                0x9d003110                startStr3
                0x9d00312c                Pstr2
                0x9d003178                Pstr7
                0x9d003188                Pstr8
                0x9d003190                Pstr9
                0x9d0031b0                Pstr11
 .rodata        0x9d003220       0x14 C:/Microchip Starter Kits/PIC32 Starter Kits/MPLAB C32 Suite/bin/../lib/gcc/pic32mx/3.4.4/../../../../pic32mx/lib\libc.a(_iobdata.o)
                0x9d003220                _io_funcs
 *(.rodata1)
                0x9d003234                . = ALIGN (0x4)

.sdata2         0x9d003234        0x0
 *(.sdata2 .sdata2.* .gnu.linkonce.s2.*)
                0x9d003234                . = ALIGN (0x4)

.sbss2          0x9d003234        0x0
 *(.sbss2 .sbss2.* .gnu.linkonce.sb2.*)
                0x9d003234                . = ALIGN (0x4)

.eh_frame_hdr
 *(.eh_frame_hdr)

.eh_frame
 *(.eh_frame)

.dbg_data       0xa0000000        0x0
                0xa0000000                . = (. + DEFINED (_DEBUGGER)?0x200:0x0)

.data           0xa0000000       0xf4 load address 0x9d003234
                0xa0000000                _data_begin = .
 *(.data .data.* .gnu.linkonce.d.*)
 .data          0xa0000000       0x20 C:/Microchip Starter Kits/PIC32 Starter Kits/MPLAB C32 Suite/bin/../lib/gcc/pic32mx/3.4.4/../../../../pic32mx/lib\libc.a(exit.o)
                0xa0000000                __exfun_mx
 .data          0xa0000020       0xd4 C:/Microchip Starter Kits/PIC32 Starter Kits/MPLAB C32 Suite/bin/../lib/gcc/pic32mx/3.4.4/../../../../pic32mx/lib\libc.a(_iobdata.o)
 *(.gnu.linkonce.d.*personality*)
 *(.data1)
                0x9d003234                _data_image_begin = LOADADDR (.data)

.eh_frame
 *(.eh_frame)
                0xa00080f0                _gp = (ALIGN (0x10) + 0x7ff0)

.got
 *(.got.plt)
 *(.got)

.sdata          0xa00000f4        0x4 load address 0x9d003328
                0xa00000f4                _sdata_begin = .
 *(.sdata .sdata.* .gnu.linkonce.s.*)
 .sdata         0xa00000f4        0x4 C:/Microchip Starter Kits/PIC32 Starter Kits/MPLAB C32 Suite/bin/../lib/gcc/pic32mx/3.4.4/../../../../pic32mx/lib\libc.a(_iobdata.o)
                0xa00000f4                _libc_data
                0xa00000f8                _sdata_end = .

.lit8
 *(.lit8)

.lit4
 *(.lit4)
                0xa00000f8                . = ALIGN (0x4)
                0xa00000f8                _data_end = .
                0xa00000f8                _bss_begin = .

.sbss           0xa00000f8       0x58
                0xa00000f8                _sbss_begin = .
 *(.dynsbss)
 *(.sbss .sbss.* .gnu.linkonce.sb.*)
 .sbss          0xa00000f8        0x4 C:/Microchip Starter Kits/PIC32 Starter Kits/MPLAB C32 Suite/bin/../lib/gcc/pic32mx/3.4.4/../../../../pic32mx/lib\libc.a(errno.o)
                0xa00000f8                errno
 *(.scommon)
 *fill*         0xa00000fc        0x4 00
 .scommon       0xa0000100       0x50 test7.o
                0xa0000100                b
                0xa0000108                echo_time
                0xa0000110                alm
                0xa0000114                motor_position
                0xa0000118                my_port_d6
                0xa000011c                my_port_g8
                0xa0000120                s_or_n
                0xa0000124                b1
                0xa0000128                a1
                0xa0000130                echo_time4
                0xa0000138                my_port_d13
                0xa000013c                c1
                0xa0000140                c
                0xa0000144                first
                0xa0000148                a
                0xa000014c                start
                0xa0000150                _sbss_end = .

.bss            0xa0000150      0x13c
 *(.dynbss)
 *(.bss .bss.* .gnu.linkonce.b.*)
 .bss           0xa0000150       0x88 C:/Microchip Starter Kits/PIC32 Starter Kits/MPLAB C32 Suite/bin/../lib/gcc/pic32mx/3.4.4/../../../../pic32mx/lib\libc.a(_iobdata.o)
 .bss           0xa00001d8       0x20 C:/Microchip Starter Kits/PIC32 Starter Kits/MPLAB C32 Suite/bin/../lib/gcc/pic32mx/3.4.4/../../../../pic32mx/lib\libc.a(_iobfuncs.o)
 .bss           0xa00001f8        0x4 C:/Microchip Starter Kits/PIC32 Starter Kits/MPLAB C32 Suite/bin/../lib/gcc/pic32mx/3.4.4/../../../../pic32mx/lib\libc.a(stubs.o)
                0xa00001f8                __isthreaded
 *(COMMON)
 COMMON         0xa00001fc       0x90 test7.o
                0xa00001fc                ref_distance1
                0xa0000220                cur_distance1
                0xa0000244                cur_distance2
                0xa0000268                ref_distance2
                0xa000028c                . = ALIGN (0x4)
                0xa000028c                . = ALIGN (0x4)
                0xa000028c                _end = .
                0xa000028c                _bss_end = .

.heap           0xa000028c        0x0
                0xa000028c                _heap = .
                0xa000028c                . = (. + _min_heap_size)

.stack          0xa000028c      0x400
                0xa000028c                _splim = .
                0xa000028c                _SPLIM = .
                0xa000068c                . = (. + _min_stack_size)
 *fill*         0xa000028c      0x400 00

.ramfunc        0xa0000800        0x0 load address 0x9d00332c
                0xa0000800                _ramfunc_begin = .
 *(.ramfunc .ramfunc.*)
                0xa0000800                . = ALIGN (0x4)
                0xa0000800                _ramfunc_end = .
                0x9d00332c                _ramfunc_image_begin = LOADADDR (.ramfunc)
                0x00000000                _ramfunc_length = SIZEOF (.ramfunc)
                0x00000800                _bmxdkpba_address = (_ramfunc_begin - 0xa0000000)
                0x00020000                _bmxdudba_address = 0x20000
                0x00020000                _bmxdupba_address = 0x20000
                0xa0020000                _stack = (_ramfunc_length > 0x0)?(_ramfunc_begin - 0x4):0xa0020000
                0x00000001                ASSERT (((_min_stack_size + _min_heap_size) <= (_stack - _heap)), Not enough space to allocate both stack and heap.  Reduce heap and/or stack size.)

.pdr            0x00000000      0x820
 *(.pdr)
 .pdr           0x00000000       0xa0 C:/Microchip Starter Kits/PIC32 Starter Kits/MPLAB C32 Suite/bin/../lib/gcc/pic32mx/3.4.4/../../../../pic32mx/lib/crt0.o
 .pdr           0x000000a0      0x2c0 test7.o
 .pdr           0x00000360       0x20 C:/Microchip Starter Kits/PIC32 Starter Kits/MPLAB C32 Suite/bin/../lib/gcc/pic32mx/3.4.4/../../../../pic32mx/lib\libc.a(general-exception.o)
 .pdr           0x00000380       0x20 C:/Microchip Starter Kits/PIC32 Starter Kits/MPLAB C32 Suite/bin/../lib/gcc/pic32mx/3.4.4/../../../../pic32mx/lib\libc.a(exit.o)
 .pdr           0x000003a0       0xa0 C:/Microchip Starter Kits/PIC32 Starter Kits/MPLAB C32 Suite/bin/../lib/gcc/pic32mx/3.4.4/../../../../pic32mx/lib\libc.a(_iobfuncs.o)
 .pdr           0x00000440      0x2c0 C:/Microchip Starter Kits/PIC32 Starter Kits/MPLAB C32 Suite/bin/../lib/gcc/pic32mx/3.4.4/../../../../pic32mx/lib\libc.a(stubs.o)
 .pdr           0x00000700       0x20 C:/Microchip Starter Kits/PIC32 Starter Kits/MPLAB C32 Suite/bin/../lib/gcc/pic32mx/3.4.4/../../../../pic32mx/lib\libc.a(default-general-exception-handler.o)
 .pdr           0x00000720       0x20 C:/Microchip Starter Kits/PIC32 Starter Kits/MPLAB C32 Suite/bin/../lib/gcc/pic32mx/3.4.4/../../../../pic32mx/lib\libc.a(default-bootstrap-exception-handler.o)
 .pdr           0x00000740       0x20 C:/Microchip Starter Kits/PIC32 Starter Kits/MPLAB C32 Suite/bin/../lib/gcc/pic32mx/3.4.4/../../../../pic32mx/lib\libc.a(default-on-reset.o)
 .pdr           0x00000760       0x20 C:/Microchip Starter Kits/PIC32 Starter Kits/MPLAB C32 Suite/bin/../lib/gcc/pic32mx/3.4.4/../../../../pic32mx/lib\libc.a(default-on-bootstrap.o)
 .pdr           0x00000780       0x20 C:/Microchip Starter Kits/PIC32 Starter Kits/MPLAB C32 Suite/bin/../lib/gcc/pic32mx/3.4.4/../../../../pic32mx/lib\libc.a(default-nmi-handler.o)
 .pdr           0x000007a0       0x20 C:/Microchip Starter Kits/PIC32 Starter Kits/MPLAB C32 Suite/bin/../lib/gcc/pic32mx/3.4.4/../../../../pic32mx/lib\libc.a(_mon_getc.o)
 .pdr           0x000007c0       0x20 C:/Microchip Starter Kits/PIC32 Starter Kits/MPLAB C32 Suite/bin/../lib/gcc/pic32mx/3.4.4/../../../../pic32mx/lib\libc.a(_mon_write.o)
 .pdr           0x000007e0       0x20 C:/Microchip Starter Kits/PIC32 Starter Kits/MPLAB C32 Suite/bin/../lib/gcc/pic32mx/3.4.4/../../../../pic32mx/lib\libc.a(_exit.o)
 .pdr           0x00000800       0x20 C:/Microchip Starter Kits/PIC32 Starter Kits/MPLAB C32 Suite/bin/../lib/gcc/pic32mx/3.4.4/../../../../pic32mx/lib\libc.a(_mon_putc.o)

.reginfo        0x00000000       0x18
 *(.reginfo)
 .reginfo       0x00000000       0x18 C:/Microchip Starter Kits/PIC32 Starter Kits/MPLAB C32 Suite/bin/../lib/gcc/pic32mx/3.4.4/../../../../pic32mx/lib/crt0.o

.stab
 *(.stab)

.stabstr
 *(.stabstr)

.stab.excl
 *(.stab.excl)

.stab.exclstr
 *(.stab.exclstr)

.stab.index
 *(.stab.index)

.stab.indexstr
 *(.stab.indexstr)

.comment        0x00000000      0x5f0
 *(.comment)
 .comment       0x00000000       0x50 test7.o
 .comment       0x00000050       0x9d C:/Microchip Starter Kits/PIC32 Starter Kits/MPLAB C32 Suite/bin/../lib/gcc/pic32mx/3.4.4/../../../../pic32mx/lib\libc.a(exit.o)
 .comment       0x000000ed       0xa3 C:/Microchip Starter Kits/PIC32 Starter Kits/MPLAB C32 Suite/bin/../lib/gcc/pic32mx/3.4.4/../../../../pic32mx/lib\libc.a(_iobdata.o)
 .comment       0x00000190       0xa4 C:/Microchip Starter Kits/PIC32 Starter Kits/MPLAB C32 Suite/bin/../lib/gcc/pic32mx/3.4.4/../../../../pic32mx/lib\libc.a(_iobfuncs.o)
 .comment       0x00000234       0x9e C:/Microchip Starter Kits/PIC32 Starter Kits/MPLAB C32 Suite/bin/../lib/gcc/pic32mx/3.4.4/../../../../pic32mx/lib\libc.a(stubs.o)
 .comment       0x000002d2       0x50 C:/Microchip Starter Kits/PIC32 Starter Kits/MPLAB C32 Suite/bin/../lib/gcc/pic32mx/3.4.4/../../../../pic32mx/lib\libc.a(default-general-exception-handler.o)
 .comment       0x00000322       0x50 C:/Microchip Starter Kits/PIC32 Starter Kits/MPLAB C32 Suite/bin/../lib/gcc/pic32mx/3.4.4/../../../../pic32mx/lib\libc.a(default-bootstrap-exception-handler.o)
 .comment       0x00000372       0x50 C:/Microchip Starter Kits/PIC32 Starter Kits/MPLAB C32 Suite/bin/../lib/gcc/pic32mx/3.4.4/../../../../pic32mx/lib\libc.a(default-on-reset.o)
 .comment       0x000003c2       0x50 C:/Microchip Starter Kits/PIC32 Starter Kits/MPLAB C32 Suite/bin/../lib/gcc/pic32mx/3.4.4/../../../../pic32mx/lib\libc.a(default-on-bootstrap.o)
 .comment       0x00000412       0x50 C:/Microchip Starter Kits/PIC32 Starter Kits/MPLAB C32 Suite/bin/../lib/gcc/pic32mx/3.4.4/../../../../pic32mx/lib\libc.a(_mon_getc.o)
 .comment       0x00000462       0x50 C:/Microchip Starter Kits/PIC32 Starter Kits/MPLAB C32 Suite/bin/../lib/gcc/pic32mx/3.4.4/../../../../pic32mx/lib\libc.a(_mon_write.o)
 .comment       0x000004b2       0x50 C:/Microchip Starter Kits/PIC32 Starter Kits/MPLAB C32 Suite/bin/../lib/gcc/pic32mx/3.4.4/../../../../pic32mx/lib\libc.a(_exit.o)
 .comment       0x00000502       0x9e C:/Microchip Starter Kits/PIC32 Starter Kits/MPLAB C32 Suite/bin/../lib/gcc/pic32mx/3.4.4/../../../../pic32mx/lib\libc.a(errno.o)
 .comment       0x000005a0       0x50 C:/Microchip Starter Kits/PIC32 Starter Kits/MPLAB C32 Suite/bin/../lib/gcc/pic32mx/3.4.4/../../../../pic32mx/lib\libc.a(_mon_putc.o)

.debug
 *(.debug)

.line
 *(.line)

.debug_srcinfo
 *(.debug_srcinfo)

.debug_sfnames
 *(.debug_sfnames)

.debug_aranges  0x00000000      0x2a0
 *(.debug_aranges)
 .debug_aranges
                0x00000000       0x20 test7.o
 .debug_aranges
                0x00000020       0x28 C:/Microchip Starter Kits/PIC32 Starter Kits/MPLAB C32 Suite/bin/../lib/gcc/pic32mx/3.4.4/../../../../pic32mx/lib\libc.a(exit.o)
 .debug_aranges
                0x00000048       0x48 C:/Microchip Starter Kits/PIC32 Starter Kits/MPLAB C32 Suite/bin/../lib/gcc/pic32mx/3.4.4/../../../../pic32mx/lib\libc.a(_iobfuncs.o)
 .debug_aranges
                0x00000090       0xd0 C:/Microchip Starter Kits/PIC32 Starter Kits/MPLAB C32 Suite/bin/../lib/gcc/pic32mx/3.4.4/../../../../pic32mx/lib\libc.a(stubs.o)
 .debug_aranges
                0x00000160       0x28 C:/Microchip Starter Kits/PIC32 Starter Kits/MPLAB C32 Suite/bin/../lib/gcc/pic32mx/3.4.4/../../../../pic32mx/lib\libc.a(default-general-exception-handler.o)
 .debug_aranges
                0x00000188       0x28 C:/Microchip Starter Kits/PIC32 Starter Kits/MPLAB C32 Suite/bin/../lib/gcc/pic32mx/3.4.4/../../../../pic32mx/lib\libc.a(default-bootstrap-exception-handler.o)
 .debug_aranges
                0x000001b0       0x28 C:/Microchip Starter Kits/PIC32 Starter Kits/MPLAB C32 Suite/bin/../lib/gcc/pic32mx/3.4.4/../../../../pic32mx/lib\libc.a(default-on-reset.o)
 .debug_aranges
                0x000001d8       0x28 C:/Microchip Starter Kits/PIC32 Starter Kits/MPLAB C32 Suite/bin/../lib/gcc/pic32mx/3.4.4/../../../../pic32mx/lib\libc.a(default-on-bootstrap.o)
 .debug_aranges
                0x00000200       0x28 C:/Microchip Starter Kits/PIC32 Starter Kits/MPLAB C32 Suite/bin/../lib/gcc/pic32mx/3.4.4/../../../../pic32mx/lib\libc.a(_mon_getc.o)
 .debug_aranges
                0x00000228       0x28 C:/Microchip Starter Kits/PIC32 Starter Kits/MPLAB C32 Suite/bin/../lib/gcc/pic32mx/3.4.4/../../../../pic32mx/lib\libc.a(_mon_write.o)
 .debug_aranges
                0x00000250       0x28 C:/Microchip Starter Kits/PIC32 Starter Kits/MPLAB C32 Suite/bin/../lib/gcc/pic32mx/3.4.4/../../../../pic32mx/lib\libc.a(_exit.o)
 .debug_aranges
                0x00000278       0x28 C:/Microchip Starter Kits/PIC32 Starter Kits/MPLAB C32 Suite/bin/../lib/gcc/pic32mx/3.4.4/../../../../pic32mx/lib\libc.a(_mon_putc.o)

.debug_pubnames
                0x00000000      0x77a
 *(.debug_pubnames)
 .debug_pubnames
                0x00000000      0x2f0 test7.o
 .debug_pubnames
                0x000002f0       0x1b C:/Microchip Starter Kits/PIC32 Starter Kits/MPLAB C32 Suite/bin/../lib/gcc/pic32mx/3.4.4/../../../../pic32mx/lib\libc.a(exit.o)
 .debug_pubnames
                0x0000030b       0x70 C:/Microchip Starter Kits/PIC32 Starter Kits/MPLAB C32 Suite/bin/../lib/gcc/pic32mx/3.4.4/../../../../pic32mx/lib\libc.a(_iobfuncs.o)
 .debug_pubnames
                0x0000037b      0x2da C:/Microchip Starter Kits/PIC32 Starter Kits/MPLAB C32 Suite/bin/../lib/gcc/pic32mx/3.4.4/../../../../pic32mx/lib\libc.a(stubs.o)
 .debug_pubnames
                0x00000655       0x31 C:/Microchip Starter Kits/PIC32 Starter Kits/MPLAB C32 Suite/bin/../lib/gcc/pic32mx/3.4.4/../../../../pic32mx/lib\libc.a(default-general-exception-handler.o)
 .debug_pubnames
                0x00000686       0x33 C:/Microchip Starter Kits/PIC32 Starter Kits/MPLAB C32 Suite/bin/../lib/gcc/pic32mx/3.4.4/../../../../pic32mx/lib\libc.a(default-bootstrap-exception-handler.o)
 .debug_pubnames
                0x000006b9       0x20 C:/Microchip Starter Kits/PIC32 Starter Kits/MPLAB C32 Suite/bin/../lib/gcc/pic32mx/3.4.4/../../../../pic32mx/lib\libc.a(default-on-reset.o)
 .debug_pubnames
                0x000006d9       0x24 C:/Microchip Starter Kits/PIC32 Starter Kits/MPLAB C32 Suite/bin/../lib/gcc/pic32mx/3.4.4/../../../../pic32mx/lib\libc.a(default-on-bootstrap.o)
 .debug_pubnames
                0x000006fd       0x20 C:/Microchip Starter Kits/PIC32 Starter Kits/MPLAB C32 Suite/bin/../lib/gcc/pic32mx/3.4.4/../../../../pic32mx/lib\libc.a(_mon_getc.o)
 .debug_pubnames
                0x0000071d       0x21 C:/Microchip Starter Kits/PIC32 Starter Kits/MPLAB C32 Suite/bin/../lib/gcc/pic32mx/3.4.4/../../../../pic32mx/lib\libc.a(_mon_write.o)
 .debug_pubnames
                0x0000073e       0x1c C:/Microchip Starter Kits/PIC32 Starter Kits/MPLAB C32 Suite/bin/../lib/gcc/pic32mx/3.4.4/../../../../pic32mx/lib\libc.a(_exit.o)
 .debug_pubnames
                0x0000075a       0x20 C:/Microchip Starter Kits/PIC32 Starter Kits/MPLAB C32 Suite/bin/../lib/gcc/pic32mx/3.4.4/../../../../pic32mx/lib\libc.a(_mon_putc.o)

.debug_info     0x00000000     0x160a
 *(.debug_info .gnu.linkonce.wi.*)
 .debug_info    0x00000000     0x1238 test7.o
 .debug_info    0x00001238       0x30 C:/Microchip Starter Kits/PIC32 Starter Kits/MPLAB C32 Suite/bin/../lib/gcc/pic32mx/3.4.4/../../../../pic32mx/lib\libc.a(exit.o)
 .debug_info    0x00001268       0x78 C:/Microchip Starter Kits/PIC32 Starter Kits/MPLAB C32 Suite/bin/../lib/gcc/pic32mx/3.4.4/../../../../pic32mx/lib\libc.a(_iobfuncs.o)
 .debug_info    0x000012e0      0x1aa C:/Microchip Starter Kits/PIC32 Starter Kits/MPLAB C32 Suite/bin/../lib/gcc/pic32mx/3.4.4/../../../../pic32mx/lib\libc.a(stubs.o)
 .debug_info    0x0000148a       0x30 C:/Microchip Starter Kits/PIC32 Starter Kits/MPLAB C32 Suite/bin/../lib/gcc/pic32mx/3.4.4/../../../../pic32mx/lib\libc.a(default-general-exception-handler.o)
 .debug_info    0x000014ba       0x30 C:/Microchip Starter Kits/PIC32 Starter Kits/MPLAB C32 Suite/bin/../lib/gcc/pic32mx/3.4.4/../../../../pic32mx/lib\libc.a(default-bootstrap-exception-handler.o)
 .debug_info    0x000014ea       0x30 C:/Microchip Starter Kits/PIC32 Starter Kits/MPLAB C32 Suite/bin/../lib/gcc/pic32mx/3.4.4/../../../../pic32mx/lib\libc.a(default-on-reset.o)
 .debug_info    0x0000151a       0x30 C:/Microchip Starter Kits/PIC32 Starter Kits/MPLAB C32 Suite/bin/../lib/gcc/pic32mx/3.4.4/../../../../pic32mx/lib\libc.a(default-on-bootstrap.o)
 .debug_info    0x0000154a       0x30 C:/Microchip Starter Kits/PIC32 Starter Kits/MPLAB C32 Suite/bin/../lib/gcc/pic32mx/3.4.4/../../../../pic32mx/lib\libc.a(_mon_getc.o)
 .debug_info    0x0000157a       0x30 C:/Microchip Starter Kits/PIC32 Starter Kits/MPLAB C32 Suite/bin/../lib/gcc/pic32mx/3.4.4/../../../../pic32mx/lib\libc.a(_mon_write.o)
 .debug_info    0x000015aa       0x30 C:/Microchip Starter Kits/PIC32 Starter Kits/MPLAB C32 Suite/bin/../lib/gcc/pic32mx/3.4.4/../../../../pic32mx/lib\libc.a(_exit.o)
 .debug_info    0x000015da       0x30 C:/Microchip Starter Kits/PIC32 Starter Kits/MPLAB C32 Suite/bin/../lib/gcc/pic32mx/3.4.4/../../../../pic32mx/lib\libc.a(_mon_putc.o)

.debug_abbrev   0x00000000      0x349
 *(.debug_abbrev)
 .debug_abbrev  0x00000000      0x1c6 test7.o
 .debug_abbrev  0x000001c6       0x23 C:/Microchip Starter Kits/PIC32 Starter Kits/MPLAB C32 Suite/bin/../lib/gcc/pic32mx/3.4.4/../../../../pic32mx/lib\libc.a(exit.o)
 .debug_abbrev  0x000001e9        0x1 C:/Microchip Starter Kits/PIC32 Starter Kits/MPLAB C32 Suite/bin/../lib/gcc/pic32mx/3.4.4/../../../../pic32mx/lib\libc.a(_iobdata.o)
 .debug_abbrev  0x000001ea       0x23 C:/Microchip Starter Kits/PIC32 Starter Kits/MPLAB C32 Suite/bin/../lib/gcc/pic32mx/3.4.4/../../../../pic32mx/lib\libc.a(_iobfuncs.o)
 .debug_abbrev  0x0000020d       0x23 C:/Microchip Starter Kits/PIC32 Starter Kits/MPLAB C32 Suite/bin/../lib/gcc/pic32mx/3.4.4/../../../../pic32mx/lib\libc.a(stubs.o)
 .debug_abbrev  0x00000230       0x23 C:/Microchip Starter Kits/PIC32 Starter Kits/MPLAB C32 Suite/bin/../lib/gcc/pic32mx/3.4.4/../../../../pic32mx/lib\libc.a(default-general-exception-handler.o)
 .debug_abbrev  0x00000253       0x23 C:/Microchip Starter Kits/PIC32 Starter Kits/MPLAB C32 Suite/bin/../lib/gcc/pic32mx/3.4.4/../../../../pic32mx/lib\libc.a(default-bootstrap-exception-handler.o)
 .debug_abbrev  0x00000276       0x23 C:/Microchip Starter Kits/PIC32 Starter Kits/MPLAB C32 Suite/bin/../lib/gcc/pic32mx/3.4.4/../../../../pic32mx/lib\libc.a(default-on-reset.o)
 .debug_abbrev  0x00000299       0x23 C:/Microchip Starter Kits/PIC32 Starter Kits/MPLAB C32 Suite/bin/../lib/gcc/pic32mx/3.4.4/../../../../pic32mx/lib\libc.a(default-on-bootstrap.o)
 .debug_abbrev  0x000002bc       0x23 C:/Microchip Starter Kits/PIC32 Starter Kits/MPLAB C32 Suite/bin/../lib/gcc/pic32mx/3.4.4/../../../../pic32mx/lib\libc.a(_mon_getc.o)
 .debug_abbrev  0x000002df       0x23 C:/Microchip Starter Kits/PIC32 Starter Kits/MPLAB C32 Suite/bin/../lib/gcc/pic32mx/3.4.4/../../../../pic32mx/lib\libc.a(_mon_write.o)
 .debug_abbrev  0x00000302       0x23 C:/Microchip Starter Kits/PIC32 Starter Kits/MPLAB C32 Suite/bin/../lib/gcc/pic32mx/3.4.4/../../../../pic32mx/lib\libc.a(_exit.o)
 .debug_abbrev  0x00000325        0x1 C:/Microchip Starter Kits/PIC32 Starter Kits/MPLAB C32 Suite/bin/../lib/gcc/pic32mx/3.4.4/../../../../pic32mx/lib\libc.a(errno.o)
 .debug_abbrev  0x00000326       0x23 C:/Microchip Starter Kits/PIC32 Starter Kits/MPLAB C32 Suite/bin/../lib/gcc/pic32mx/3.4.4/../../../../pic32mx/lib\libc.a(_mon_putc.o)

.debug_line     0x00000000      0x9c0
 *(.debug_line)
 .debug_line    0x00000000      0x3de test7.o
 .debug_line    0x000003de       0x7d C:/Microchip Starter Kits/PIC32 Starter Kits/MPLAB C32 Suite/bin/../lib/gcc/pic32mx/3.4.4/../../../../pic32mx/lib\libc.a(exit.o)
 .debug_line    0x0000045b       0x84 C:/Microchip Starter Kits/PIC32 Starter Kits/MPLAB C32 Suite/bin/../lib/gcc/pic32mx/3.4.4/../../../../pic32mx/lib\libc.a(_iobfuncs.o)
 .debug_line    0x000004df       0x80 C:/Microchip Starter Kits/PIC32 Starter Kits/MPLAB C32 Suite/bin/../lib/gcc/pic32mx/3.4.4/../../../../pic32mx/lib\libc.a(stubs.o)
 .debug_line    0x0000055f       0x9c C:/Microchip Starter Kits/PIC32 Starter Kits/MPLAB C32 Suite/bin/../lib/gcc/pic32mx/3.4.4/../../../../pic32mx/lib\libc.a(default-general-exception-handler.o)
 .debug_line    0x000005fb       0x9e C:/Microchip Starter Kits/PIC32 Starter Kits/MPLAB C32 Suite/bin/../lib/gcc/pic32mx/3.4.4/../../../../pic32mx/lib\libc.a(default-bootstrap-exception-handler.o)
 .debug_line    0x00000699       0x8b C:/Microchip Starter Kits/PIC32 Starter Kits/MPLAB C32 Suite/bin/../lib/gcc/pic32mx/3.4.4/../../../../pic32mx/lib\libc.a(default-on-reset.o)
 .debug_line    0x00000724       0x8f C:/Microchip Starter Kits/PIC32 Starter Kits/MPLAB C32 Suite/bin/../lib/gcc/pic32mx/3.4.4/../../../../pic32mx/lib\libc.a(default-on-bootstrap.o)
 .debug_line    0x000007b3       0x84 C:/Microchip Starter Kits/PIC32 Starter Kits/MPLAB C32 Suite/bin/../lib/gcc/pic32mx/3.4.4/../../../../pic32mx/lib\libc.a(_mon_getc.o)
 .debug_line    0x00000837       0x85 C:/Microchip Starter Kits/PIC32 Starter Kits/MPLAB C32 Suite/bin/../lib/gcc/pic32mx/3.4.4/../../../../pic32mx/lib\libc.a(_mon_write.o)
 .debug_line    0x000008bc       0x80 C:/Microchip Starter Kits/PIC32 Starter Kits/MPLAB C32 Suite/bin/../lib/gcc/pic32mx/3.4.4/../../../../pic32mx/lib\libc.a(_exit.o)
 .debug_line    0x0000093c       0x84 C:/Microchip Starter Kits/PIC32 Starter Kits/MPLAB C32 Suite/bin/../lib/gcc/pic32mx/3.4.4/../../../../pic32mx/lib\libc.a(_mon_putc.o)

.debug_frame    0x00000000      0x5e4
 *(.debug_frame)
 .debug_frame   0x00000000      0x298 test7.o
 .debug_frame   0x00000298       0x34 C:/Microchip Starter Kits/PIC32 Starter Kits/MPLAB C32 Suite/bin/../lib/gcc/pic32mx/3.4.4/../../../../pic32mx/lib\libc.a(exit.o)
 .debug_frame   0x000002cc       0x90 C:/Microchip Starter Kits/PIC32 Starter Kits/MPLAB C32 Suite/bin/../lib/gcc/pic32mx/3.4.4/../../../../pic32mx/lib\libc.a(_iobfuncs.o)
 .debug_frame   0x0000035c      0x178 C:/Microchip Starter Kits/PIC32 Starter Kits/MPLAB C32 Suite/bin/../lib/gcc/pic32mx/3.4.4/../../../../pic32mx/lib\libc.a(stubs.o)
 .debug_frame   0x000004d4       0x20 C:/Microchip Starter Kits/PIC32 Starter Kits/MPLAB C32 Suite/bin/../lib/gcc/pic32mx/3.4.4/../../../../pic32mx/lib\libc.a(default-general-exception-handler.o)
 .debug_frame   0x000004f4       0x20 C:/Microchip Starter Kits/PIC32 Starter Kits/MPLAB C32 Suite/bin/../lib/gcc/pic32mx/3.4.4/../../../../pic32mx/lib\libc.a(default-bootstrap-exception-handler.o)
 .debug_frame   0x00000514       0x20 C:/Microchip Starter Kits/PIC32 Starter Kits/MPLAB C32 Suite/bin/../lib/gcc/pic32mx/3.4.4/../../../../pic32mx/lib\libc.a(default-on-reset.o)
 .debug_frame   0x00000534       0x20 C:/Microchip Starter Kits/PIC32 Starter Kits/MPLAB C32 Suite/bin/../lib/gcc/pic32mx/3.4.4/../../../../pic32mx/lib\libc.a(default-on-bootstrap.o)
 .debug_frame   0x00000554       0x20 C:/Microchip Starter Kits/PIC32 Starter Kits/MPLAB C32 Suite/bin/../lib/gcc/pic32mx/3.4.4/../../../../pic32mx/lib\libc.a(_mon_getc.o)
 .debug_frame   0x00000574       0x30 C:/Microchip Starter Kits/PIC32 Starter Kits/MPLAB C32 Suite/bin/../lib/gcc/pic32mx/3.4.4/../../../../pic32mx/lib\libc.a(_mon_write.o)
 .debug_frame   0x000005a4       0x20 C:/Microchip Starter Kits/PIC32 Starter Kits/MPLAB C32 Suite/bin/../lib/gcc/pic32mx/3.4.4/../../../../pic32mx/lib\libc.a(_exit.o)
 .debug_frame   0x000005c4       0x20 C:/Microchip Starter Kits/PIC32 Starter Kits/MPLAB C32 Suite/bin/../lib/gcc/pic32mx/3.4.4/../../../../pic32mx/lib\libc.a(_mon_putc.o)

.debug_str      0x00000000      0x82e
 *(.debug_str)
 .debug_str     0x00000000       0x12 test7.o
 .debug_str     0x00000012       0xaa C:/Microchip Starter Kits/PIC32 Starter Kits/MPLAB C32 Suite/bin/../lib/gcc/pic32mx/3.4.4/../../../../pic32mx/lib\libc.a(exit.o)
                                 0xaf (size before relaxing)
 .debug_str     0x000000bc       0xb1 C:/Microchip Starter Kits/PIC32 Starter Kits/MPLAB C32 Suite/bin/../lib/gcc/pic32mx/3.4.4/../../../../pic32mx/lib\libc.a(_iobfuncs.o)
                                 0xfb (size before relaxing)
 .debug_str     0x0000016d      0x2d3 C:/Microchip Starter Kits/PIC32 Starter Kits/MPLAB C32 Suite/bin/../lib/gcc/pic32mx/3.4.4/../../../../pic32mx/lib\libc.a(stubs.o)
                                0x31d (size before relaxing)
 .debug_str     0x00000440       0x9a C:/Microchip Starter Kits/PIC32 Starter Kits/MPLAB C32 Suite/bin/../lib/gcc/pic32mx/3.4.4/../../../../pic32mx/lib\libc.a(default-general-exception-handler.o)
                                 0xe4 (size before relaxing)
 .debug_str     0x000004da       0x9e C:/Microchip Starter Kits/PIC32 Starter Kits/MPLAB C32 Suite/bin/../lib/gcc/pic32mx/3.4.4/../../../../pic32mx/lib\libc.a(default-bootstrap-exception-handler.o)
                                 0xe8 (size before relaxing)
 .debug_str     0x00000578       0x78 C:/Microchip Starter Kits/PIC32 Starter Kits/MPLAB C32 Suite/bin/../lib/gcc/pic32mx/3.4.4/../../../../pic32mx/lib\libc.a(default-on-reset.o)
                                 0xc2 (size before relaxing)
 .debug_str     0x000005f0       0x80 C:/Microchip Starter Kits/PIC32 Starter Kits/MPLAB C32 Suite/bin/../lib/gcc/pic32mx/3.4.4/../../../../pic32mx/lib\libc.a(default-on-bootstrap.o)
                                 0xca (size before relaxing)
 .debug_str     0x00000670       0x71 C:/Microchip Starter Kits/PIC32 Starter Kits/MPLAB C32 Suite/bin/../lib/gcc/pic32mx/3.4.4/../../../../pic32mx/lib\libc.a(_mon_getc.o)
                                 0xbb (size before relaxing)
 .debug_str     0x000006e1       0x73 C:/Microchip Starter Kits/PIC32 Starter Kits/MPLAB C32 Suite/bin/../lib/gcc/pic32mx/3.4.4/../../../../pic32mx/lib\libc.a(_mon_write.o)
                                 0xbd (size before relaxing)
 .debug_str     0x00000754       0x69 C:/Microchip Starter Kits/PIC32 Starter Kits/MPLAB C32 Suite/bin/../lib/gcc/pic32mx/3.4.4/../../../../pic32mx/lib\libc.a(_exit.o)
                                 0xb3 (size before relaxing)
 .debug_str     0x000007bd       0x71 C:/Microchip Starter Kits/PIC32 Starter Kits/MPLAB C32 Suite/bin/../lib/gcc/pic32mx/3.4.4/../../../../pic32mx/lib\libc.a(_mon_putc.o)
                                 0xbb (size before relaxing)

.debug_loc
 *(.debug_loc)

.debug_macinfo
 *(.debug_macinfo)

.debug_weaknames
 *(.debug_weaknames)

.debug_funcnames
 *(.debug_funcnames)

.debug_typenames
 *(.debug_typenames)

.debug_varnames
 *(.debug_varnames)

/DISCARD/
 *(.note.GNU-stack)
OUTPUT(Ve373_project.elf elf32-tradlittlemips)

.mdebug.abi32   0x9d00332c        0x0

.rel.dyn        0x9d00332c        0x0
